------------------------------------------------------------
TimeQuest Timing Analyzer Summary
------------------------------------------------------------

Type  : Slow 1200mV 85C Model Setup 'CLOCK_50'
Slack : -7.339
TNS   : -603.168

Type  : Slow 1200mV 85C Model Setup 'controller:CT|current_state.state_print'
Slack : -3.657
TNS   : -3.657

Type  : Slow 1200mV 85C Model Hold 'CLOCK_50'
Slack : 0.386
TNS   : 0.000

Type  : Slow 1200mV 85C Model Hold 'controller:CT|current_state.state_print'
Slack : 3.290
TNS   : 0.000

Type  : Slow 1200mV 85C Model Minimum Pulse Width 'CLOCK_50'
Slack : -3.000
TNS   : -136.640

Type  : Slow 1200mV 85C Model Minimum Pulse Width 'controller:CT|current_state.state_print'
Slack : 0.421
TNS   : 0.000

Type  : Slow 1200mV 0C Model Setup 'CLOCK_50'
Slack : -6.716
TNS   : -542.374

Type  : Slow 1200mV 0C Model Setup 'controller:CT|current_state.state_print'
Slack : -3.314
TNS   : -3.314

Type  : Slow 1200mV 0C Model Hold 'CLOCK_50'
Slack : 0.339
TNS   : 0.000

Type  : Slow 1200mV 0C Model Hold 'controller:CT|current_state.state_print'
Slack : 3.074
TNS   : 0.000

Type  : Slow 1200mV 0C Model Minimum Pulse Width 'CLOCK_50'
Slack : -3.000
TNS   : -136.640

Type  : Slow 1200mV 0C Model Minimum Pulse Width 'controller:CT|current_state.state_print'
Slack : 0.470
TNS   : 0.000

Type  : Fast 1200mV 0C Model Setup 'CLOCK_50'
Slack : -3.181
TNS   : -249.935

Type  : Fast 1200mV 0C Model Setup 'controller:CT|current_state.state_print'
Slack : -1.649
TNS   : -1.649

Type  : Fast 1200mV 0C Model Hold 'CLOCK_50'
Slack : 0.174
TNS   : 0.000

Type  : Fast 1200mV 0C Model Hold 'controller:CT|current_state.state_print'
Slack : 1.960
TNS   : 0.000

Type  : Fast 1200mV 0C Model Minimum Pulse Width 'CLOCK_50'
Slack : -3.000
TNS   : -138.849

Type  : Fast 1200mV 0C Model Minimum Pulse Width 'controller:CT|current_state.state_print'
Slack : 0.402
TNS   : 0.000

------------------------------------------------------------
